<html>
<body>
<pre>
<h1>µVision Build Log</h1>
<h2>Tool Versions:</h2>
IDE-Version: µVision V5.24.2.0
Copyright (C) 2017 ARM Ltd and ARM Germany GmbH. All rights reserved.
License Information: Oleg Litvinov, no company, LIC=----
 
Tool Versions:
Toolchain:       MDK-Lite  Version: 5.24.1
Toolchain Path:  C:\Keil_v5\ARM\ARMCC\Bin
C Compiler:      Armcc.exe V5.06 update 5 (build 528)
Assembler:       Armasm.exe V5.06 update 5 (build 528)
Linker/Locator:  ArmLink.exe V5.06 update 5 (build 528)
Library Manager: ArmAr.exe V5.06 update 5 (build 528)
Hex Converter:   FromElf.exe V5.06 update 5 (build 528)
CPU DLL:         SARMCM3.DLL V5.24.1
Dialog DLL:      DARMSTM.DLL V1.68.0.0
Target DLL:      STLink\ST-LINKIII-KEIL_SWO.dll V3.0.1.0
Dialog DLL:      TARMSTM.DLL V1.66.0.0
 
<h2>Project:</h2>
C:\Users\ŒÎÂ„\Desktop\Keil_4_Empty_Project\dummy.uvproj
Project File Date:  10/30/2017

<h2>Output:</h2>
*** Using Compiler 'V5.06 update 5 (build 528)', folder: 'C:\Keil_v5\ARM\ARMCC\Bin'
Rebuild target 'Target 1'
assembling startup_stm32f10x_md.s...
compiling main.c...
src\main.c(8): warning:  #815-D: type qualifier on return type is meaningless
  volatile uint8_t countSetBits(uint32_t n);
src\main.c(15): warning:  #111-D: statement is unreachable
  	return 0;
src\main.c(18): warning:  #815-D: type qualifier on return type is meaningless
  volatile uint8_t countSetBits(uint32_t n)
src\main.c(20): warning:  #61-D: integer operation result is out of range
  	return ((n&1)==1)+((n&2)==2)+((n&4)==4)+((n&8)==8)+((n&16)==16)+((n&32)==32)+((n&1<<6)==(1<<6))+((n&1<<7)==(1<<7))+((n&1<<8)==(1<<8))+((n&1<<9)==(1<<9))+((n&1<<10)==(1<<10))+((n&1<<11)==(1<<11))+((n&1<<12)==(1<<12))+((n&1<<13)==(1<<13))+((n&1<<14)==(1<<14))+((n&1<<15)==(1<<15))+((n&1<<16)==(1<<16))+((n&1<<17)==(1<<17))+((n&1<<18)==(1<<18))+((n&1<<19)==(1<<19))+((n&1<<20)==(1<<20))+((n&1<<21)==(1<<21))+((n&1<<22)==(1<<22))+((n&1<<23)==(1<<23))+((n&1<<24)==(1<<24))+((n&1<<25)==(1<<25))+((n&1<<26)==(1<<26))+((n&1<<27)==(1<<27))+((n&1<<28)==(1<<28))+((n&1<<29)==(1<<29))+((n&1<<30)==(1<<30))+((n&1<<31)==(1<<31));
src\main.c(20): warning:  #68-D: integer conversion resulted in a change of sign
  	return ((n&1)==1)+((n&2)==2)+((n&4)==4)+((n&8)==8)+((n&16)==16)+((n&32)==32)+((n&1<<6)==(1<<6))+((n&1<<7)==(1<<7))+((n&1<<8)==(1<<8))+((n&1<<9)==(1<<9))+((n&1<<10)==(1<<10))+((n&1<<11)==(1<<11))+((n&1<<12)==(1<<12))+((n&1<<13)==(1<<13))+((n&1<<14)==(1<<14))+((n&1<<15)==(1<<15))+((n&1<<16)==(1<<16))+((n&1<<17)==(1<<17))+((n&1<<18)==(1<<18))+((n&1<<19)==(1<<19))+((n&1<<20)==(1<<20))+((n&1<<21)==(1<<21))+((n&1<<22)==(1<<22))+((n&1<<23)==(1<<23))+((n&1<<24)==(1<<24))+((n&1<<25)==(1<<25))+((n&1<<26)==(1<<26))+((n&1<<27)==(1<<27))+((n&1<<28)==(1<<28))+((n&1<<29)==(1<<29))+((n&1<<30)==(1<<30))+((n&1<<31)==(1<<31));
src\main.c(20): warning:  #61-D: integer operation result is out of range
  	return ((n&1)==1)+((n&2)==2)+((n&4)==4)+((n&8)==8)+((n&16)==16)+((n&32)==32)+((n&1<<6)==(1<<6))+((n&1<<7)==(1<<7))+((n&1<<8)==(1<<8))+((n&1<<9)==(1<<9))+((n&1<<10)==(1<<10))+((n&1<<11)==(1<<11))+((n&1<<12)==(1<<12))+((n&1<<13)==(1<<13))+((n&1<<14)==(1<<14))+((n&1<<15)==(1<<15))+((n&1<<16)==(1<<16))+((n&1<<17)==(1<<17))+((n&1<<18)==(1<<18))+((n&1<<19)==(1<<19))+((n&1<<20)==(1<<20))+((n&1<<21)==(1<<21))+((n&1<<22)==(1<<22))+((n&1<<23)==(1<<23))+((n&1<<24)==(1<<24))+((n&1<<25)==(1<<25))+((n&1<<26)==(1<<26))+((n&1<<27)==(1<<27))+((n&1<<28)==(1<<28))+((n&1<<29)==(1<<29))+((n&1<<30)==(1<<30))+((n&1<<31)==(1<<31));
src\main.c(20): warning:  #68-D: integer conversion resulted in a change of sign
  	return ((n&1)==1)+((n&2)==2)+((n&4)==4)+((n&8)==8)+((n&16)==16)+((n&32)==32)+((n&1<<6)==(1<<6))+((n&1<<7)==(1<<7))+((n&1<<8)==(1<<8))+((n&1<<9)==(1<<9))+((n&1<<10)==(1<<10))+((n&1<<11)==(1<<11))+((n&1<<12)==(1<<12))+((n&1<<13)==(1<<13))+((n&1<<14)==(1<<14))+((n&1<<15)==(1<<15))+((n&1<<16)==(1<<16))+((n&1<<17)==(1<<17))+((n&1<<18)==(1<<18))+((n&1<<19)==(1<<19))+((n&1<<20)==(1<<20))+((n&1<<21)==(1<<21))+((n&1<<22)==(1<<22))+((n&1<<23)==(1<<23))+((n&1<<24)==(1<<24))+((n&1<<25)==(1<<25))+((n&1<<26)==(1<<26))+((n&1<<27)==(1<<27))+((n&1<<28)==(1<<28))+((n&1<<29)==(1<<29))+((n&1<<30)==(1<<30))+((n&1<<31)==(1<<31));
src\main.c: 7 warnings, 0 errors
compiling system_stm32f10x.c...
linking...
Program Size: Code=1032 RO-data=268 RW-data=20 ZI-data=1636  
".\obj\dummy.axf" - 0 Error(s), 7 Warning(s).
Build Time Elapsed:  00:00:01
</pre>
</body>
</html>
